
--- xtraj ---
8.933036e-05	3.694790e-04	
1.254670e-04	3.532551e-04	
7.063627e-05	-1.449872e-03	
-1.410963e-06	8.941362e-06	


--- utraj ---
4.112374e-05	-4.069026e-04	
1.826072e-03	-3.971484e-02	
1.219550e-02	4.785542e-03	


solved ocp 1 times, solution printed above

ocp_p5probe_ecaceb6d_acados_solve(): SUCCESS!
iter	res_stat	res_eq		res_ineq	res_comp	qp_stat	qp_iter	alpha
0	1.000000e-01	0.000000e+00	1.000000e+01	0.000000e+00	0	0	0.000000e+00	
1	5.736165e+09	2.797160e-07	8.950869e-04	8.580729e+07	2	50	1.000000e+00	
2	3.458105e-03	1.540195e-07	1.362995e-04	2.337878e-07	0	8	1.000000e+00	
3	3.457864e-04	6.011435e-08	3.398615e-06	2.751435e-07	0	8	1.000000e+00	
4	5.110786e-05	5.288102e-09	7.168328e-07	9.502937e-07	0	8	1.000000e+00	
5	2.025289e-03	1.900953e-07	4.230929e-04	2.309960e-07	0	10	1.000000e+00	
6	2.566559e-04	4.106535e-08	6.257017e-05	4.184119e-07	0	10	1.000000e+00	
7	3.134658e-05	2.383078e-09	1.438057e-05	2.355823e-07	0	10	1.000000e+00	
8	3.499983e-05	2.896626e-08	1.078545e-06	2.696146e-07	0	12	1.000000e+00	
9	6.194592e-05	5.023395e-09	2.164566e-06	3.174980e-07	0	10	1.000000e+00	
10	2.203495e-03	1.631725e-07	5.789548e-04	1.423898e-07	0	9	1.000000e+00	
11	1.796882e-04	1.239352e-07	4.153699e-05	7.518048e-07	0	9	1.000000e+00	
12	1.855835e-05	2.072573e-08	8.575541e-06	1.413753e-07	0	10	1.000000e+00	
13	2.923482e-04	8.499368e-08	0.000000e+00	9.649326e-07	0	10	1.000000e+00	
14	2.592321e-05	9.125512e-08	1.930405e-08	3.733850e-07	0	10	1.000000e+00	
15	1.700207e-02	5.981474e-07	1.844193e-03	2.398431e-06	0	11	1.000000e+00	
16	2.137400e-03	1.706104e-07	3.635319e-04	4.085292e-07	0	10	1.000000e+00	
17	2.742306e-04	4.267365e-08	5.501288e-05	6.506189e-07	0	9	1.000000e+00	
18	3.356452e-05	6.507540e-09	1.342342e-05	2.582808e-07	0	10	1.000000e+00	
19	3.264619e-05	1.798659e-08	8.885357e-07	2.225043e-07	0	12	1.000000e+00	
20	6.942938e-05	3.089872e-09	1.457475e-06	3.801218e-07	0	10	1.000000e+00	
21	3.799657e-03	3.457484e-07	1.271034e-03	2.382534e-07	0	9	1.000000e+00	
22	5.087424e-04	1.267226e-07	3.023577e-04	5.276968e-07	0	10	1.000000e+00	
23	6.588926e-05	3.864032e-08	2.577873e-05	9.664527e-07	0	8	1.000000e+00	
24	8.460970e-06	3.163497e-08	1.585332e-07	1.952332e-07	0	10	1.000000e+00	
25	6.897114e-05	8.073236e-10	9.858960e-07	1.556456e-07	0	10	1.000000e+00	
26	1.067112e+00	9.210682e-06	3.057332e-02	5.021798e-07	0	10	1.000000e+00	
27	1.330282e-01	2.454837e-06	7.483834e-03	4.785655e-06	0	9	1.000000e+00	
28	1.612811e-02	5.978327e-07	1.727815e-03	1.099750e-06	0	8	1.000000e+00	
29	1.867512e-03	1.832691e-07	3.025951e-04	8.138924e-07	0	9	1.000000e+00	
30	2.557568e-04	1.626289e-08	7.559209e-05	5.044728e-07	0	9	1.000000e+00	
31	3.202869e-05	1.230119e-08	3.822950e-06	8.872440e-07	0	9	1.000000e+00	
32	9.407348e-05	3.484269e-08	2.830726e-07	5.782547e-07	0	11	1.000000e+00	
33	7.227514e-03	4.187401e-07	1.599353e-03	2.612362e-07	0	9	1.000000e+00	
34	9.634983e-04	1.296823e-07	3.816249e-04	2.855456e-07	0	10	1.000000e+00	
35	1.398965e-04	4.242679e-08	9.510823e-05	6.439550e-07	0	10	1.000000e+00	
36	2.420597e-06	9.523556e-09	1.601300e-06	1.512540e-07	0	10	1.000000e+00	
37	1.037867e-04	1.004591e-08	5.433997e-06	9.660431e-07	0	7	1.000000e+00	
38	1.116048e-03	8.595091e-08	2.688363e-04	7.318590e-07	0	9	1.000000e+00	
39	1.494381e-04	1.884812e-08	3.121888e-05	4.632585e-07	0	9	1.000000e+00	
40	1.420941e-05	9.190944e-09	5.129653e-06	1.704435e-07	0	10	1.000000e+00	
41	5.130185e-05	3.562049e-08	0.000000e+00	5.680410e-07	0	10	1.000000e+00	
42	1.683056e-02	5.210815e-07	2.135229e-03	1.304619e-06	0	10	1.000000e+00	
43	1.921040e-03	2.430692e-07	3.717744e-04	7.414316e-07	0	9	1.000000e+00	
44	1.480008e-04	1.843380e-08	5.945204e-05	1.424297e-07	0	10	1.000000e+00	
45	2.155933e-05	8.669133e-09	5.213333e-06	1.561962e-07	0	12	1.000000e+00	
46	4.720319e-05	1.792279e-08	3.122967e-07	5.614431e-07	0	11	1.000000e+00	
47	2.616154e-05	3.471557e-08	1.847078e-05	2.898017e-07	0	10	1.000000e+00	
48	1.483808e-02	2.248928e-08	2.199112e-05	2.535732e-07	0	10	1.000000e+00	
49	2.097681e-03	7.364515e-09	1.113896e-06	1.514149e-07	0	10	1.000000e+00	
50	1.415435e-03	7.457727e-08	2.064247e-04	1.609370e-07	0	8	1.000000e+00	
51	2.093343e-04	2.255868e-08	1.263813e-05	5.611554e-07	0	10	1.000000e+00	
52	2.698809e-05	3.681298e-09	1.897885e-06	8.599715e-07	0	11	1.000000e+00	
53	2.480087e-05	1.009317e-08	5.300279e-07	2.430668e-07	0	10	1.000000e+00	
54	3.810485e-04	3.922164e-07	1.331753e-03	1.936909e-07	0	9	1.000000e+00	
55	5.176914e-05	1.708824e-07	2.180117e-04	3.021874e-07	0	9	1.000000e+00	
56	7.116460e-06	1.184651e-07	6.314797e-06	9.071953e-07	0	10	1.000000e+00	
57	1.841156e-03	1.874329e-07	5.150528e-04	8.754957e-07	0	9	1.000000e+00	
58	1.118250e-04	5.133247e-08	4.608224e-05	3.412253e-07	0	10	1.000000e+00	
59	1.706192e-05	2.289148e-08	6.300103e-06	9.830191e-07	0	10	1.000000e+00	
60	7.541809e-06	1.927096e-08	1.919998e-06	1.996824e-07	0	10	1.000000e+00	
61	3.108644e-04	2.344861e-09	1.001863e-06	4.269131e-07	0	9	1.000000e+00	
62	9.348608e-05	9.453746e-09	4.005203e-05	9.497849e-07	0	8	1.000000e+00	
63	5.312538e-07	1.599482e-08	7.795713e-11	1.586167e-07	0	8	1.000000e+00	

Solver info:
 SQP iterations 63
 minimum time for 1 solve 3.098000 [ms]
 KKT 5.312538e-07
